#
# There is insufficient memory for the Java Runtime Environment to continue.
# Native memory allocation (malloc) failed to allocate 1048576 bytes. Error detail: AllocateHeap
# Possible reasons:
#   The system is out of physical RAM or swap space
#   This process is running with CompressedOops enabled, and the Java Heap may be blocking the growth of the native heap
# Possible solutions:
#   Reduce memory load on the system
#   Increase physical memory or swap space
#   Check if swap backing store is full
#   Decrease Java heap size (-Xmx/-Xms)
#   Decrease number of Java threads
#   Decrease Java thread stack sizes (-Xss)
#   Set larger code cache with -XX:ReservedCodeCacheSize=
#   JVM is running with Unscaled Compressed Oops mode in which the Java heap is
#     placed in the first 4GB address space. The Java Heap base address is the
#     maximum limit for the native heap growth. Please use -XX:HeapBaseMinAddress
#     to set the Java Heap base and to place the Java Heap above 4GB virtual address.
# This output file may be truncated or incomplete.
#
#  Out of Memory Error (allocation.cpp:44), pid=13060, tid=8252
#
# JRE version: OpenJDK Runtime Environment Temurin-21.0.8+9 (21.0.8+9) (build 21.0.8+9-LTS)
# Java VM: OpenJDK 64-Bit Server VM Temurin-21.0.8+9 (21.0.8+9-LTS, mixed mode, sharing, tiered, compressed oops, compressed class ptrs, parallel gc, windows-amd64)
# No core dump will be written. Minidumps are not enabled by default on client versions of Windows
#

---------------  S U M M A R Y ------------

Command Line: --add-modules=ALL-SYSTEM --add-opens=java.base/java.util=ALL-UNNAMED --add-opens=java.base/java.lang=ALL-UNNAMED --add-opens=java.base/sun.nio.fs=ALL-UNNAMED -Declipse.application=org.eclipse.jdt.ls.core.id1 -Dosgi.bundles.defaultStartLevel=4 -Declipse.product=org.eclipse.jdt.ls.core.product -Djava.import.generatesMetadataFilesAtProjectRoot=false -DDetectVMInstallationsJob.disabled=true -Dfile.encoding=utf8 -XX:+UseParallelGC -XX:GCTimeRatio=4 -XX:AdaptiveSizePolicyWeight=90 -Dsun.zip.disableMemoryMapping=true -Xmx2G -Xms100m -Xlog:disable -javaagent:c:\Users\Lenovo\.vscode\extensions\redhat.java-1.45.0-win32-x64\lombok\lombok-1.18.39-4050.jar -XX:+HeapDumpOnOutOfMemoryError -XX:HeapDumpPath=c:\Users\Lenovo\AppData\Roaming\Code\User\workspaceStorage\28c5987dead86df10a7c254d141be68a\redhat.java -Daether.dependencyCollector.impl=bf -Xmx2G c:\Users\Lenovo\.vscode\extensions\redhat.java-1.45.0-win32-x64\server\plugins\org.eclipse.equinox.launcher_1.7.0.v20250519-0528.jar -configuration c:\Users\Lenovo\AppData\Roaming\Code\User\globalStorage\redhat.java\1.45.0\config_win -data c:\Users\Lenovo\AppData\Roaming\Code\User\workspaceStorage\28c5987dead86df10a7c254d141be68a\redhat.java\jdt_ws --pipe=\\.\pipe\lsp-0b420764edfa4a0b65715103bc1e1e18-sock

Host: AMD Ryzen 5 5600H with Radeon Graphics         , 12 cores, 5G,  Windows 11 , 64 bit Build 22621 (10.0.22621.5415)
Time: Tue Sep 30 17:30:45 2025 SE Asia Standard Time elapsed time: 4741.998615 seconds (0d 1h 19m 1s)

---------------  T H R E A D  ---------------

Current thread (0x00000250637c4ae0):  JavaThread "Attach Listener" daemon [_thread_in_vm, id=8252, stack(0x000000c2a7500000,0x000000c2a7600000) (1024K)]

Stack: [0x000000c2a7500000,0x000000c2a7600000]
Native frames: (J=compiled Java code, j=interpreted, Vv=VM code, C=native code)
V  [jvm.dll+0x6d2449]
V  [jvm.dll+0x8ae341]
V  [jvm.dll+0x8b08be]
V  [jvm.dll+0x8b0fa3]
V  [jvm.dll+0x280c96]
V  [jvm.dll+0xc0347]
V  [jvm.dll+0x6d2cf9]
V  [jvm.dll+0x131116]
V  [jvm.dll+0x3f2d16]
V  [jvm.dll+0x857e6b]
V  [jvm.dll+0x6d0b0d]
C  [ucrtbase.dll+0x29333]
C  [KERNEL32.DLL+0x1259d]
C  [ntdll.dll+0x5af78]


---------------  P R O C E S S  ---------------

Threads class SMR info:
_java_thread_list=0x0000025046199020, length=39, elements={
0x00000250637216d0, 0x000002507a1be0b0, 0x00000250637c2930, 0x00000250637c3bd0,
0x00000250637c4ae0, 0x00000250637c59f0, 0x00000250637c7650, 0x00000250637ca490,
0x00000250637d87f0, 0x000002507b5ea3d0, 0x000002507b84b800, 0x000002507c8f0a00,
0x000002507c8e3c30, 0x000002507cc428e0, 0x000002507cc42f40, 0x000002507d0aa1e0,
0x000002507d715140, 0x000002507dccf530, 0x000002507dcce180, 0x000002507dcccdd0,
0x000002507dcce810, 0x000002507dccd460, 0x000002507ebbe6d0, 0x000002507ebc0110,
0x000002507ebc0e30, 0x000002507ebc3590, 0x000002507ebbed60, 0x000002507ebc2870,
0x000002507ebc42b0, 0x000002507ebc2f00, 0x000002507ebc3c20, 0x000002507ebbe040,
0x000002507ebc1b50, 0x000002507ebc4940, 0x000002507ebc4fd0, 0x000002507ebc5660,
0x000002507ebbf3f0, 0x000002507ebc14c0, 0x0000025045e91ae0
}

Java Threads: ( => current thread )
  0x00000250637216d0 JavaThread "main"                              [_thread_blocked, id=18640, stack(0x000000c2a6e00000,0x000000c2a6f00000) (1024K)]
  0x000002507a1be0b0 JavaThread "Reference Handler"          daemon [_thread_blocked, id=8376, stack(0x000000c2a7200000,0x000000c2a7300000) (1024K)]
  0x00000250637c2930 JavaThread "Finalizer"                  daemon [_thread_blocked, id=27120, stack(0x000000c2a7300000,0x000000c2a7400000) (1024K)]
  0x00000250637c3bd0 JavaThread "Signal Dispatcher"          daemon [_thread_blocked, id=23728, stack(0x000000c2a7400000,0x000000c2a7500000) (1024K)]
=>0x00000250637c4ae0 JavaThread "Attach Listener"            daemon [_thread_in_vm, id=8252, stack(0x000000c2a7500000,0x000000c2a7600000) (1024K)]
  0x00000250637c59f0 JavaThread "Service Thread"             daemon [_thread_blocked, id=18548, stack(0x000000c2a7600000,0x000000c2a7700000) (1024K)]
  0x00000250637c7650 JavaThread "Monitor Deflation Thread"   daemon [_thread_blocked, id=25872, stack(0x000000c2a7700000,0x000000c2a7800000) (1024K)]
  0x00000250637ca490 JavaThread "C2 CompilerThread0"         daemon [_thread_blocked, id=29392, stack(0x000000c2a7800000,0x000000c2a7900000) (1024K)]
  0x00000250637d87f0 JavaThread "C1 CompilerThread0"         daemon [_thread_blocked, id=8500, stack(0x000000c2a7900000,0x000000c2a7a00000) (1024K)]
  0x000002507b5ea3d0 JavaThread "Common-Cleaner"             daemon [_thread_blocked, id=23716, stack(0x000000c2a7a00000,0x000000c2a7b00000) (1024K)]
  0x000002507b84b800 JavaThread "Notification Thread"        daemon [_thread_blocked, id=14388, stack(0x000000c2a7b00000,0x000000c2a7c00000) (1024K)]
  0x000002507c8f0a00 JavaThread "Active Thread: Equinox Container: 04114c6f-8da8-438d-9fa7-503a731ed1c8"        [_thread_blocked, id=20400, stack(0x000000c2a8200000,0x000000c2a8300000) (1024K)]
  0x000002507c8e3c30 JavaThread "Refresh Thread: Equinox Container: 04114c6f-8da8-438d-9fa7-503a731ed1c8" daemon [_thread_blocked, id=6400, stack(0x000000c2a8400000,0x000000c2a8500000) (1024K)]
  0x000002507cc428e0 JavaThread "Framework Event Dispatcher: Equinox Container: 04114c6f-8da8-438d-9fa7-503a731ed1c8" daemon [_thread_blocked, id=21856, stack(0x000000c2a8500000,0x000000c2a8600000) (1024K)]
  0x000002507cc42f40 JavaThread "Start Level: Equinox Container: 04114c6f-8da8-438d-9fa7-503a731ed1c8" daemon [_thread_blocked, id=29008, stack(0x000000c2a8600000,0x000000c2a8700000) (1024K)]
  0x000002507d0aa1e0 JavaThread "Bundle File Closer"         daemon [_thread_blocked, id=26572, stack(0x000000c2a8900000,0x000000c2a8a00000) (1024K)]
  0x000002507d715140 JavaThread "SCR Component Actor"        daemon [_thread_blocked, id=2604, stack(0x000000c2a8a00000,0x000000c2a8b00000) (1024K)]
  0x000002507dccf530 JavaThread "Worker-JM"                         [_thread_blocked, id=24424, stack(0x000000c2a8c00000,0x000000c2a8d00000) (1024K)]
  0x000002507dcce180 JavaThread "JNA Cleaner"                daemon [_thread_blocked, id=28152, stack(0x000000c2a8e00000,0x000000c2a8f00000) (1024K)]
  0x000002507dcccdd0 JavaThread "Java indexing"              daemon [_thread_blocked, id=23600, stack(0x000000c2a9100000,0x000000c2a9200000) (1024K)]
  0x000002507dcce810 JavaThread "Worker-2"                          [_thread_blocked, id=23032, stack(0x000000c2a9200000,0x000000c2a9300000) (1024K)]
  0x000002507dccd460 JavaThread "Worker-3"                          [_thread_blocked, id=12916, stack(0x000000c2a9300000,0x000000c2a9400000) (1024K)]
  0x000002507ebbe6d0 JavaThread "Thread-2"                   daemon [_thread_in_native, id=15636, stack(0x000000c2a9500000,0x000000c2a9600000) (1024K)]
  0x000002507ebc0110 JavaThread "Thread-3"                   daemon [_thread_in_native, id=23508, stack(0x000000c2a9600000,0x000000c2a9700000) (1024K)]
  0x000002507ebc0e30 JavaThread "Thread-4"                   daemon [_thread_in_native, id=21256, stack(0x000000c2a9700000,0x000000c2a9800000) (1024K)]
  0x000002507ebc3590 JavaThread "Thread-5"                   daemon [_thread_in_native, id=10280, stack(0x000000c2a9800000,0x000000c2a9900000) (1024K)]
  0x000002507ebbed60 JavaThread "Thread-6"                   daemon [_thread_in_native, id=28368, stack(0x000000c2a9900000,0x000000c2a9a00000) (1024K)]
  0x000002507ebc2870 JavaThread "Thread-7"                   daemon [_thread_in_native, id=716, stack(0x000000c2a9a00000,0x000000c2a9b00000) (1024K)]
  0x000002507ebc42b0 JavaThread "Thread-8"                   daemon [_thread_in_native, id=19820, stack(0x000000c2a9b00000,0x000000c2a9c00000) (1024K)]
  0x000002507ebc2f00 JavaThread "Thread-9"                   daemon [_thread_in_native, id=9452, stack(0x000000c2a9c00000,0x000000c2a9d00000) (1024K)]
  0x000002507ebc3c20 JavaThread "Thread-10"                  daemon [_thread_in_native, id=4336, stack(0x000000c2a9d00000,0x000000c2a9e00000) (1024K)]
  0x000002507ebbe040 JavaThread "Thread-11"                  daemon [_thread_in_native, id=14800, stack(0x000000c2a9e00000,0x000000c2a9f00000) (1024K)]
  0x000002507ebc1b50 JavaThread "Thread-12"                  daemon [_thread_in_native, id=1632, stack(0x000000c2a9f00000,0x000000c2aa000000) (1024K)]
  0x000002507ebc4940 JavaThread "Thread-13"                  daemon [_thread_in_native, id=10408, stack(0x000000c2aa000000,0x000000c2aa100000) (1024K)]
  0x000002507ebc4fd0 JavaThread "Thread-14"                  daemon [_thread_in_native, id=18008, stack(0x000000c2aa100000,0x000000c2aa200000) (1024K)]
  0x000002507ebc5660 JavaThread "pool-2-thread-1"                   [_thread_blocked, id=9232, stack(0x000000c2aa200000,0x000000c2aa300000) (1024K)]
  0x000002507ebbf3f0 JavaThread "WorkspaceEventsHandler"            [_thread_blocked, id=22584, stack(0x000000c2aa300000,0x000000c2aa400000) (1024K)]
  0x000002507ebc14c0 JavaThread "pool-1-thread-1"                   [_thread_blocked, id=820, stack(0x000000c2aa400000,0x000000c2aa500000) (1024K)]
  0x0000025045e91ae0 JavaThread "Cleaner-0"                  daemon [_thread_blocked, id=10648, stack(0x000000c2a8b00000,0x000000c2a8c00000) (1024K)]
Total: 39

Other Threads:
  0x000002507a1a6970 VMThread "VM Thread"                           [id=19384, stack(0x000000c2a7100000,0x000000c2a7200000) (1024K)]
  0x000002507a09ca00 WatcherThread "VM Periodic Task Thread"        [id=4380, stack(0x000000c2a7000000,0x000000c2a7100000) (1024K)]
  0x000002506373e780 WorkerThread "GC Thread#0"                     [id=25568, stack(0x000000c2a6f00000,0x000000c2a7000000) (1024K)]
  0x000002507c4aa880 WorkerThread "GC Thread#1"                     [id=24768, stack(0x000000c2a7c00000,0x000000c2a7d00000) (1024K)]
  0x000002507c5fea50 WorkerThread "GC Thread#2"                     [id=13684, stack(0x000000c2a7d00000,0x000000c2a7e00000) (1024K)]
  0x000002507c5fedf0 WorkerThread "GC Thread#3"                     [id=27312, stack(0x000000c2a7e00000,0x000000c2a7f00000) (1024K)]
  0x000002507c5ff190 WorkerThread "GC Thread#4"                     [id=9880, stack(0x000000c2a7f00000,0x000000c2a8000000) (1024K)]
  0x000002507b8cf180 WorkerThread "GC Thread#5"                     [id=6304, stack(0x000000c2a8000000,0x000000c2a8100000) (1024K)]
  0x000002507b8cf520 WorkerThread "GC Thread#6"                     [id=25756, stack(0x000000c2a8100000,0x000000c2a8200000) (1024K)]
  0x000002507c94aa90 WorkerThread "GC Thread#7"                     [id=25040, stack(0x000000c2a8300000,0x000000c2a8400000) (1024K)]
  0x000002507cc31360 WorkerThread "GC Thread#8"                     [id=24928, stack(0x000000c2a8700000,0x000000c2a8800000) (1024K)]
  0x000002507cb23610 WorkerThread "GC Thread#9"                     [id=19308, stack(0x000000c2a8800000,0x000000c2a8900000) (1024K)]
Total: 12

Threads with active compile tasks:
Total: 0

VM state: not at safepoint (normal execution)

VM Mutex/Monitor currently owned by a thread: None

Heap address: 0x0000000080000000, size: 2048 MB, Compressed Oops mode: 32-bit

CDS archive(s) mapped at: [0x0000025000000000-0x0000025000ba0000-0x0000025000ba0000), size 12189696, SharedBaseAddress: 0x0000025000000000, ArchiveRelocationMode: 1.
Compressed class space mapped at: 0x0000025001000000-0x0000025041000000, reserved size: 1073741824
Narrow klass base: 0x0000025000000000, Narrow klass shift: 0, Narrow klass range: 0x100000000

GC Precious Log:
 CardTable entry size: 512
 CPUs: 12 total, 12 available
 Memory: 5996M
 Large Page Support: Disabled
 NUMA Support: Disabled
 Compressed Oops: Enabled (32-bit)
 Alignments: Space 512K, Generation 512K, Heap 2M
 Heap Min Capacity: 100M
 Heap Initial Capacity: 100M
 Heap Max Capacity: 2G
 Pre-touch: Disabled
 Parallel Workers: 10

Heap:
 PSYoungGen      total 2560K, used 530K [0x00000000d5580000, 0x00000000d5900000, 0x0000000100000000)
  eden space 2048K, 16% used [0x00000000d5580000,0x00000000d55d4948,0x00000000d5780000)
  from space 512K, 37% used [0x00000000d5800000,0x00000000d5830000,0x00000000d5880000)
  to   space 512K, 0% used [0x00000000d5880000,0x00000000d5880000,0x00000000d5900000)
 ParOldGen       total 292864K, used 292632K [0x0000000080000000, 0x0000000091e00000, 0x00000000d5580000)
  object space 292864K, 99% used [0x0000000080000000,0x0000000091dc6208,0x0000000091e00000)
 Metaspace       used 74996K, committed 76736K, reserved 1179648K
  class space    used 7824K, committed 8576K, reserved 1048576K

Card table byte_map: [0x00000250630d0000,0x00000250634e0000] _byte_map_base: 0x0000025062cd0000

Marking Bits: (ParMarkBitMap*) 0x00007ffb00b4a340
 Begin Bits: [0x0000025075bc0000, 0x0000025077bc0000)
 End Bits:   [0x0000025077bc0000, 0x0000025079bc0000)

Polling page: 0x0000025061710000

Metaspace:

Usage:
  Non-class:     65.60 MB used.
      Class:      7.64 MB used.
       Both:     73.24 MB used.

Virtual space:
  Non-class space:      128.00 MB reserved,      66.56 MB ( 52%) committed,  2 nodes.
      Class space:        1.00 GB reserved,       8.38 MB ( <1%) committed,  1 nodes.
             Both:        1.12 GB reserved,      74.94 MB (  7%) committed. 

Chunk freelists:
   Non-Class:  13.34 MB
       Class:  7.53 MB
        Both:  20.87 MB

MaxMetaspaceSize: unlimited
CompressedClassSpaceSize: 1.00 GB
Initial GC threshold: 21.00 MB
Current GC threshold: 97.31 MB
CDS: on
 - commit_granule_bytes: 65536.
 - commit_granule_words: 8192.
 - virtual_space_node_default_size: 8388608.
 - enlarge_chunks_in_place: 1.
 - use_allocation_guard: 0.


Internal statistics:

num_allocs_failed_limit: 11.
num_arena_births: 1466.
num_arena_deaths: 14.
num_vsnodes_births: 3.
num_vsnodes_deaths: 0.
num_space_committed: 1199.
num_space_uncommitted: 0.
num_chunks_returned_to_freelist: 25.
num_chunks_taken_from_freelist: 5154.
num_chunk_merges: 15.
num_chunk_splits: 3125.
num_chunks_enlarged: 1698.
num_inconsistent_stats: 0.

CodeHeap 'non-profiled nmethods': size=120000Kb used=10270Kb max_used=10270Kb free=109729Kb
 bounds [0x000002506e3e0000, 0x000002506edf0000, 0x0000025075910000]
CodeHeap 'profiled nmethods': size=120000Kb used=32360Kb max_used=32360Kb free=87639Kb
 bounds [0x0000025066910000, 0x00000250688b0000, 0x000002506de40000]
CodeHeap 'non-nmethods': size=5760Kb used=1473Kb max_used=1541Kb free=4286Kb
 bounds [0x000002506de40000, 0x000002506e0b0000, 0x000002506e3e0000]
CodeCache: size=245760Kb, used=44103Kb, max_used=44171Kb, free=201654Kb
 total_blobs=15269, nmethods=14480, adapters=693, full_count=0
Compilation: enabled, stopped_count=0, restarted_count=0

Compilation events (20 events):
Event: 3904.622 Thread 0x00000250637d87f0 15263       3       org.eclipse.core.runtime.ListenerList$ListenerListIterator::next (39 bytes)
Event: 3904.632 Thread 0x00000250637d87f0 nmethod 15263 0x00000250688a0110 code [0x00000250688a02c0, 0x00000250688a0510]
Event: 3904.653 Thread 0x00000250637d87f0 15264       3       org.eclipse.core.internal.utils.StringPool::add (50 bytes)
Event: 3904.680 Thread 0x00000250637d87f0 nmethod 15264 0x00000250688a0610 code [0x00000250688a0800, 0x00000250688a0cd0]
Event: 3904.680 Thread 0x00000250637d87f0 15265       3       org.eclipse.core.internal.resources.ResourceInfo::shareStrings (43 bytes)
Event: 3904.689 Thread 0x00000250637d87f0 nmethod 15265 0x00000250688a0e90 code [0x00000250688a1060, 0x00000250688a1300]
Event: 3927.285 Thread 0x00000250637d87f0 15266       3       java.util.concurrent.ScheduledThreadPoolExecutor$DelayedWorkQueue::take (5 bytes)
Event: 3927.290 Thread 0x00000250637d87f0 nmethod 15266 0x00000250688a1410 code [0x00000250688a15c0, 0x00000250688a1700]
Event: 3927.290 Thread 0x00000250637d87f0 15267   !   3       java.util.concurrent.ScheduledThreadPoolExecutor$DelayedWorkQueue::take (203 bytes)
Event: 3927.343 Thread 0x00000250637d87f0 nmethod 15267 0x00000250688a1790 code [0x00000250688a1b40, 0x00000250688a33c0]
Event: 3937.289 Thread 0x00000250637d87f0 15268       3       java.util.concurrent.ThreadPoolExecutor::ensurePrestart (41 bytes)
Event: 3937.314 Thread 0x00000250637d87f0 nmethod 15268 0x00000250688a3f10 code [0x00000250688a40e0, 0x00000250688a4390]
Event: 3965.412 Thread 0x00000250637d87f0 15269       1       com.sun.jna.internal.Cleaner::access$200 (5 bytes)
Event: 3965.420 Thread 0x00000250637d87f0 nmethod 15269 0x000002506ede7190 code [0x000002506ede7320, 0x000002506ede73d0]
Event: 3967.321 Thread 0x00000250637d87f0 15270   !   3       org.eclipse.jdt.ls.core.internal.ParentProcessWatcher::parentProcessStillRunning (492 bytes)
Event: 3967.405 Thread 0x00000250637d87f0 nmethod 15270 0x00000250688a4490 code [0x00000250688a4da0, 0x00000250688a8ab0]
Event: 4067.407 Thread 0x00000250637ca490 15271       4       java.util.concurrent.TimeUnit::toNanos (45 bytes)
Event: 4067.410 Thread 0x00000250637ca490 nmethod 15271 0x000002506ede7490 code [0x000002506ede7620, 0x000002506ede7718]
Event: 4685.628 Thread 0x00000250637ca490 15272       4       jdk.internal.misc.Unsafe::putIntOpaque (9 bytes)
Event: 4685.668 Thread 0x00000250637ca490 nmethod 15272 0x000002506ede7810 code [0x000002506ede79a0, 0x000002506ede7a38]

GC Heap History (20 events):
Event: 2300.125 GC heap before
{Heap before GC invocations=397 (full 3):
 PSYoungGen      total 2560K, used 2535K [0x00000000d5580000, 0x00000000d5c80000, 0x0000000100000000)
  eden space 2048K, 100% used [0x00000000d5580000,0x00000000d5780000,0x00000000d5780000)
  from space 512K, 95% used [0x00000000d5780000,0x00000000d57f9e18,0x00000000d5800000)
  to   space 2560K, 0% used [0x00000000d5a00000,0x00000000d5a00000,0x00000000d5c80000)
 ParOldGen       total 287744K, used 287723K [0x0000000080000000, 0x0000000091900000, 0x00000000d5580000)
  object space 287744K, 99% used [0x0000000080000000,0x00000000918fadc0,0x0000000091900000)
 Metaspace       used 74859K, committed 76608K, reserved 1179648K
  class space    used 7824K, committed 8576K, reserved 1048576K
}
Event: 2300.128 GC heap after
{Heap after GC invocations=397 (full 3):
 PSYoungGen      total 4608K, used 1984K [0x00000000d5580000, 0x00000000d5c80000, 0x0000000100000000)
  eden space 2048K, 0% used [0x00000000d5580000,0x00000000d5580000,0x00000000d5780000)
  from space 2560K, 77% used [0x00000000d5a00000,0x00000000d5bf0000,0x00000000d5c80000)
  to   space 2560K, 0% used [0x00000000d5780000,0x00000000d5780000,0x00000000d5a00000)
 ParOldGen       total 288256K, used 288186K [0x0000000080000000, 0x0000000091980000, 0x00000000d5580000)
  object space 288256K, 99% used [0x0000000080000000,0x000000009196ebd8,0x0000000091980000)
 Metaspace       used 74859K, committed 76608K, reserved 1179648K
  class space    used 7824K, committed 8576K, reserved 1048576K
}
Event: 2300.625 GC heap before
{Heap before GC invocations=398 (full 3):
 PSYoungGen      total 4608K, used 4032K [0x00000000d5580000, 0x00000000d5c80000, 0x0000000100000000)
  eden space 2048K, 100% used [0x00000000d5580000,0x00000000d5780000,0x00000000d5780000)
  from space 2560K, 77% used [0x00000000d5a00000,0x00000000d5bf0000,0x00000000d5c80000)
  to   space 2560K, 0% used [0x00000000d5780000,0x00000000d5780000,0x00000000d5a00000)
 ParOldGen       total 288256K, used 288186K [0x0000000080000000, 0x0000000091980000, 0x00000000d5580000)
  object space 288256K, 99% used [0x0000000080000000,0x000000009196ebd8,0x0000000091980000)
 Metaspace       used 74867K, committed 76608K, reserved 1179648K
  class space    used 7824K, committed 8576K, reserved 1048576K
}
Event: 2300.629 GC heap after
{Heap after GC invocations=398 (full 3):
 PSYoungGen      total 2560K, used 500K [0x00000000d5580000, 0x00000000d5a80000, 0x0000000100000000)
  eden space 2048K, 0% used [0x00000000d5580000,0x00000000d5580000,0x00000000d5780000)
  from space 512K, 97% used [0x00000000d5780000,0x00000000d57fd200,0x00000000d5800000)
  to   space 1536K, 0% used [0x00000000d5900000,0x00000000d5900000,0x00000000d5a80000)
 ParOldGen       total 290304K, used 290090K [0x0000000080000000, 0x0000000091b80000, 0x00000000d5580000)
  object space 290304K, 99% used [0x0000000080000000,0x0000000091b4abd8,0x0000000091b80000)
 Metaspace       used 74867K, committed 76608K, reserved 1179648K
  class space    used 7824K, committed 8576K, reserved 1048576K
}
Event: 2300.634 GC heap before
{Heap before GC invocations=399 (full 3):
 PSYoungGen      total 2560K, used 2548K [0x00000000d5580000, 0x00000000d5a80000, 0x0000000100000000)
  eden space 2048K, 100% used [0x00000000d5580000,0x00000000d5780000,0x00000000d5780000)
  from space 512K, 97% used [0x00000000d5780000,0x00000000d57fd200,0x00000000d5800000)
  to   space 1536K, 0% used [0x00000000d5900000,0x00000000d5900000,0x00000000d5a80000)
 ParOldGen       total 290304K, used 290090K [0x0000000080000000, 0x0000000091b80000, 0x00000000d5580000)
  object space 290304K, 99% used [0x0000000080000000,0x0000000091b4abd8,0x0000000091b80000)
 Metaspace       used 74871K, committed 76608K, reserved 1179648K
  class space    used 7824K, committed 8576K, reserved 1048576K
}
Event: 2300.637 GC heap after
{Heap after GC invocations=399 (full 3):
 PSYoungGen      total 2560K, used 480K [0x00000000d5580000, 0x00000000d5980000, 0x0000000100000000)
  eden space 2048K, 0% used [0x00000000d5580000,0x00000000d5580000,0x00000000d5780000)
  from space 512K, 93% used [0x00000000d5900000,0x00000000d5978000,0x00000000d5980000)
  to   space 1024K, 0% used [0x00000000d5780000,0x00000000d5780000,0x00000000d5880000)
 ParOldGen       total 290816K, used 290471K [0x0000000080000000, 0x0000000091c00000, 0x00000000d5580000)
  object space 290816K, 99% used [0x0000000080000000,0x0000000091ba9de8,0x0000000091c00000)
 Metaspace       used 74871K, committed 76608K, reserved 1179648K
  class space    used 7824K, committed 8576K, reserved 1048576K
}
Event: 2300.647 GC heap before
{Heap before GC invocations=400 (full 3):
 PSYoungGen      total 2560K, used 2528K [0x00000000d5580000, 0x00000000d5980000, 0x0000000100000000)
  eden space 2048K, 100% used [0x00000000d5580000,0x00000000d5780000,0x00000000d5780000)
  from space 512K, 93% used [0x00000000d5900000,0x00000000d5978000,0x00000000d5980000)
  to   space 1024K, 0% used [0x00000000d5780000,0x00000000d5780000,0x00000000d5880000)
 ParOldGen       total 290816K, used 290471K [0x0000000080000000, 0x0000000091c00000, 0x00000000d5580000)
  object space 290816K, 99% used [0x0000000080000000,0x0000000091ba9de8,0x0000000091c00000)
 Metaspace       used 74877K, committed 76608K, reserved 1179648K
  class space    used 7824K, committed 8576K, reserved 1048576K
}
Event: 2300.649 GC heap after
{Heap after GC invocations=400 (full 3):
 PSYoungGen      total 3072K, used 352K [0x00000000d5580000, 0x00000000d5980000, 0x0000000100000000)
  eden space 2048K, 0% used [0x00000000d5580000,0x00000000d5580000,0x00000000d5780000)
  from space 1024K, 34% used [0x00000000d5780000,0x00000000d57d8000,0x00000000d5880000)
  to   space 512K, 0% used [0x00000000d5900000,0x00000000d5900000,0x00000000d5980000)
 ParOldGen       total 291328K, used 290823K [0x0000000080000000, 0x0000000091c80000, 0x00000000d5580000)
  object space 291328K, 99% used [0x0000000080000000,0x0000000091c01de8,0x0000000091c80000)
 Metaspace       used 74877K, committed 76608K, reserved 1179648K
  class space    used 7824K, committed 8576K, reserved 1048576K
}
Event: 2300.682 GC heap before
{Heap before GC invocations=401 (full 3):
 PSYoungGen      total 3072K, used 2400K [0x00000000d5580000, 0x00000000d5980000, 0x0000000100000000)
  eden space 2048K, 100% used [0x00000000d5580000,0x00000000d5780000,0x00000000d5780000)
  from space 1024K, 34% used [0x00000000d5780000,0x00000000d57d8000,0x00000000d5880000)
  to   space 512K, 0% used [0x00000000d5900000,0x00000000d5900000,0x00000000d5980000)
 ParOldGen       total 291328K, used 290823K [0x0000000080000000, 0x0000000091c80000, 0x00000000d5580000)
  object space 291328K, 99% used [0x0000000080000000,0x0000000091c01de8,0x0000000091c80000)
 Metaspace       used 74907K, committed 76608K, reserved 1179648K
  class space    used 7824K, committed 8576K, reserved 1048576K
}
Event: 2300.684 GC heap after
{Heap after GC invocations=401 (full 3):
 PSYoungGen      total 2560K, used 500K [0x00000000d5580000, 0x00000000d5980000, 0x0000000100000000)
  eden space 2048K, 0% used [0x00000000d5580000,0x00000000d5580000,0x00000000d5780000)
  from space 512K, 97% used [0x00000000d5900000,0x00000000d597d200,0x00000000d5980000)
  to   space 1024K, 0% used [0x00000000d5780000,0x00000000d5780000,0x00000000d5880000)
 ParOldGen       total 291328K, used 291079K [0x0000000080000000, 0x0000000091c80000, 0x00000000d5580000)
  object space 291328K, 99% used [0x0000000080000000,0x0000000091c41e08,0x0000000091c80000)
 Metaspace       used 74907K, committed 76608K, reserved 1179648K
  class space    used 7824K, committed 8576K, reserved 1048576K
}
Event: 2300.695 GC heap before
{Heap before GC invocations=402 (full 3):
 PSYoungGen      total 2560K, used 2548K [0x00000000d5580000, 0x00000000d5980000, 0x0000000100000000)
  eden space 2048K, 100% used [0x00000000d5580000,0x00000000d5780000,0x00000000d5780000)
  from space 512K, 97% used [0x00000000d5900000,0x00000000d597d200,0x00000000d5980000)
  to   space 1024K, 0% used [0x00000000d5780000,0x00000000d5780000,0x00000000d5880000)
 ParOldGen       total 291328K, used 291079K [0x0000000080000000, 0x0000000091c80000, 0x00000000d5580000)
  object space 291328K, 99% used [0x0000000080000000,0x0000000091c41e08,0x0000000091c80000)
 Metaspace       used 74907K, committed 76608K, reserved 1179648K
  class space    used 7824K, committed 8576K, reserved 1048576K
}
Event: 2300.696 GC heap after
{Heap after GC invocations=402 (full 3):
 PSYoungGen      total 3072K, used 240K [0x00000000d5580000, 0x00000000d5980000, 0x0000000100000000)
  eden space 2048K, 0% used [0x00000000d5580000,0x00000000d5580000,0x00000000d5780000)
  from space 1024K, 23% used [0x00000000d5780000,0x00000000d57bc010,0x00000000d5880000)
  to   space 512K, 0% used [0x00000000d5900000,0x00000000d5900000,0x00000000d5980000)
 ParOldGen       total 291840K, used 291508K [0x0000000080000000, 0x0000000091d00000, 0x00000000d5580000)
  object space 291840K, 99% used [0x0000000080000000,0x0000000091cad318,0x0000000091d00000)
 Metaspace       used 74907K, committed 76608K, reserved 1179648K
  class space    used 7824K, committed 8576K, reserved 1048576K
}
Event: 2300.702 GC heap before
{Heap before GC invocations=403 (full 3):
 PSYoungGen      total 3072K, used 2288K [0x00000000d5580000, 0x00000000d5980000, 0x0000000100000000)
  eden space 2048K, 100% used [0x00000000d5580000,0x00000000d5780000,0x00000000d5780000)
  from space 1024K, 23% used [0x00000000d5780000,0x00000000d57bc010,0x00000000d5880000)
  to   space 512K, 0% used [0x00000000d5900000,0x00000000d5900000,0x00000000d5980000)
 ParOldGen       total 291840K, used 291508K [0x0000000080000000, 0x0000000091d00000, 0x00000000d5580000)
  object space 291840K, 99% used [0x0000000080000000,0x0000000091cad318,0x0000000091d00000)
 Metaspace       used 74907K, committed 76608K, reserved 1179648K
  class space    used 7824K, committed 8576K, reserved 1048576K
}
Event: 2300.704 GC heap after
{Heap after GC invocations=403 (full 3):
 PSYoungGen      total 2560K, used 480K [0x00000000d5580000, 0x00000000d5980000, 0x0000000100000000)
  eden space 2048K, 0% used [0x00000000d5580000,0x00000000d5580000,0x00000000d5780000)
  from space 512K, 93% used [0x00000000d5900000,0x00000000d5978000,0x00000000d5980000)
  to   space 1024K, 0% used [0x00000000d5780000,0x00000000d5780000,0x00000000d5880000)
 ParOldGen       total 291840K, used 291724K [0x0000000080000000, 0x0000000091d00000, 0x00000000d5580000)
  object space 291840K, 99% used [0x0000000080000000,0x0000000091ce3348,0x0000000091d00000)
 Metaspace       used 74907K, committed 76608K, reserved 1179648K
  class space    used 7824K, committed 8576K, reserved 1048576K
}
Event: 2300.726 GC heap before
{Heap before GC invocations=404 (full 3):
 PSYoungGen      total 2560K, used 2528K [0x00000000d5580000, 0x00000000d5980000, 0x0000000100000000)
  eden space 2048K, 100% used [0x00000000d5580000,0x00000000d5780000,0x00000000d5780000)
  from space 512K, 93% used [0x00000000d5900000,0x00000000d5978000,0x00000000d5980000)
  to   space 1024K, 0% used [0x00000000d5780000,0x00000000d5780000,0x00000000d5880000)
 ParOldGen       total 291840K, used 291724K [0x0000000080000000, 0x0000000091d00000, 0x00000000d5580000)
  object space 291840K, 99% used [0x0000000080000000,0x0000000091ce3348,0x0000000091d00000)
 Metaspace       used 74937K, committed 76672K, reserved 1179648K
  class space    used 7824K, committed 8576K, reserved 1048576K
}
Event: 2300.729 GC heap after
{Heap after GC invocations=404 (full 3):
 PSYoungGen      total 3072K, used 592K [0x00000000d5580000, 0x00000000d5980000, 0x0000000100000000)
  eden space 2048K, 0% used [0x00000000d5580000,0x00000000d5580000,0x00000000d5780000)
  from space 1024K, 57% used [0x00000000d5780000,0x00000000d5814010,0x00000000d5880000)
  to   space 1024K, 0% used [0x00000000d5880000,0x00000000d5880000,0x00000000d5980000)
 ParOldGen       total 292352K, used 292084K [0x0000000080000000, 0x0000000091d80000, 0x00000000d5580000)
  object space 292352K, 99% used [0x0000000080000000,0x0000000091d3d348,0x0000000091d80000)
 Metaspace       used 74937K, committed 76672K, reserved 1179648K
  class space    used 7824K, committed 8576K, reserved 1048576K
}
Event: 2311.833 GC heap before
{Heap before GC invocations=405 (full 3):
 PSYoungGen      total 3072K, used 2640K [0x00000000d5580000, 0x00000000d5980000, 0x0000000100000000)
  eden space 2048K, 100% used [0x00000000d5580000,0x00000000d5780000,0x00000000d5780000)
  from space 1024K, 57% used [0x00000000d5780000,0x00000000d5814010,0x00000000d5880000)
  to   space 1024K, 0% used [0x00000000d5880000,0x00000000d5880000,0x00000000d5980000)
 ParOldGen       total 292352K, used 292084K [0x0000000080000000, 0x0000000091d80000, 0x00000000d5580000)
  object space 292352K, 99% used [0x0000000080000000,0x0000000091d3d348,0x0000000091d80000)
 Metaspace       used 74969K, committed 76672K, reserved 1179648K
  class space    used 7824K, committed 8576K, reserved 1048576K
}
Event: 2311.839 GC heap after
{Heap after GC invocations=405 (full 3):
 PSYoungGen      total 2560K, used 340K [0x00000000d5580000, 0x00000000d5900000, 0x0000000100000000)
  eden space 2048K, 0% used [0x00000000d5580000,0x00000000d5580000,0x00000000d5780000)
  from space 512K, 66% used [0x00000000d5880000,0x00000000d58d5200,0x00000000d5900000)
  to   space 512K, 0% used [0x00000000d5800000,0x00000000d5800000,0x00000000d5880000)
 ParOldGen       total 292864K, used 292492K [0x0000000080000000, 0x0000000091e00000, 0x00000000d5580000)
  object space 292864K, 99% used [0x0000000080000000,0x0000000091da3368,0x0000000091e00000)
 Metaspace       used 74969K, committed 76672K, reserved 1179648K
  class space    used 7824K, committed 8576K, reserved 1048576K
}
Event: 2315.683 GC heap before
{Heap before GC invocations=406 (full 3):
 PSYoungGen      total 2560K, used 2388K [0x00000000d5580000, 0x00000000d5900000, 0x0000000100000000)
  eden space 2048K, 100% used [0x00000000d5580000,0x00000000d5780000,0x00000000d5780000)
  from space 512K, 66% used [0x00000000d5880000,0x00000000d58d5200,0x00000000d5900000)
  to   space 512K, 0% used [0x00000000d5800000,0x00000000d5800000,0x00000000d5880000)
 ParOldGen       total 292864K, used 292492K [0x0000000080000000, 0x0000000091e00000, 0x00000000d5580000)
  object space 292864K, 99% used [0x0000000080000000,0x0000000091da3368,0x0000000091e00000)
 Metaspace       used 74973K, committed 76736K, reserved 1179648K
  class space    used 7824K, committed 8576K, reserved 1048576K
}
Event: 2315.685 GC heap after
{Heap after GC invocations=406 (full 3):
 PSYoungGen      total 2560K, used 192K [0x00000000d5580000, 0x00000000d5900000, 0x0000000100000000)
  eden space 2048K, 0% used [0x00000000d5580000,0x00000000d5580000,0x00000000d5780000)
  from space 512K, 37% used [0x00000000d5800000,0x00000000d5830000,0x00000000d5880000)
  to   space 512K, 0% used [0x00000000d5880000,0x00000000d5880000,0x00000000d5900000)
 ParOldGen       total 292864K, used 292632K [0x0000000080000000, 0x0000000091e00000, 0x00000000d5580000)
  object space 292864K, 99% used [0x0000000080000000,0x0000000091dc6208,0x0000000091e00000)
 Metaspace       used 74973K, committed 76736K, reserved 1179648K
  class space    used 7824K, committed 8576K, reserved 1048576K
}

Dll operation events (11 events):
Event: 0.012 Loaded shared library c:\Users\Lenovo\.vscode\extensions\redhat.java-1.45.0-win32-x64\jre\21.0.8-win32-x86_64\bin\java.dll
Event: 0.139 Loaded shared library c:\Users\Lenovo\.vscode\extensions\redhat.java-1.45.0-win32-x64\jre\21.0.8-win32-x86_64\bin\zip.dll
Event: 0.179 Loaded shared library C:\Users\Lenovo\.vscode\extensions\redhat.java-1.45.0-win32-x64\jre\21.0.8-win32-x86_64\bin\instrument.dll
Event: 0.187 Loaded shared library C:\Users\Lenovo\.vscode\extensions\redhat.java-1.45.0-win32-x64\jre\21.0.8-win32-x86_64\bin\net.dll
Event: 0.190 Loaded shared library C:\Users\Lenovo\.vscode\extensions\redhat.java-1.45.0-win32-x64\jre\21.0.8-win32-x86_64\bin\nio.dll
Event: 0.196 Loaded shared library C:\Users\Lenovo\.vscode\extensions\redhat.java-1.45.0-win32-x64\jre\21.0.8-win32-x86_64\bin\zip.dll
Event: 0.230 Loaded shared library C:\Users\Lenovo\.vscode\extensions\redhat.java-1.45.0-win32-x64\jre\21.0.8-win32-x86_64\bin\jimage.dll
Event: 0.350 Loaded shared library c:\Users\Lenovo\.vscode\extensions\redhat.java-1.45.0-win32-x64\jre\21.0.8-win32-x86_64\bin\verify.dll
Event: 1.933 Loaded shared library C:\Users\Lenovo\AppData\Roaming\Code\User\globalStorage\redhat.java\1.45.0\config_win\org.eclipse.equinox.launcher\org.eclipse.equinox.launcher.win32.win32.x86_64_1.2.1400.v20250801-0854\eclipse_11916.dll
Event: 4.208 Loaded shared library C:\Users\Lenovo\AppData\Local\Temp\jna--2022488749\jna1991947629122053358.dll
Event: 12.583 Loaded shared library C:\Users\Lenovo\.vscode\extensions\redhat.java-1.45.0-win32-x64\jre\21.0.8-win32-x86_64\bin\sunmscapi.dll

Deoptimization events (20 events):
Event: 2299.906 Thread 0x0000025045e92e90 Uncommon trap: trap_request=0xffffff45 fr.pc=0x000002506ed11c74 relative=0x0000000000000494
Event: 2299.906 Thread 0x0000025045e92e90 Uncommon trap: reason=unstable_if action=reinterpret pc=0x000002506ed11c74 method=java.util.regex.Pattern.escape(ZZZ)I @ 8 c2
Event: 2299.906 Thread 0x0000025045e92e90 DEOPT PACKING pc=0x000002506ed11c74 sp=0x000000c2a94fcb10
Event: 2299.906 Thread 0x0000025045e92e90 DEOPT UNPACKING pc=0x000002506de93aa2 sp=0x000000c2a94fcaa8 mode 2
Event: 2300.084 Thread 0x0000025045e94f60 DEOPT PACKING pc=0x00000250672e3b85 sp=0x000000c2a6cfecf0
Event: 2300.084 Thread 0x0000025045e94f60 DEOPT UNPACKING pc=0x000002506de94242 sp=0x000000c2a6cfe270 mode 0
Event: 2300.092 Thread 0x0000025045e92170 DEOPT PACKING pc=0x00000250672e3b85 sp=0x000000c2aa8fe900
Event: 2300.093 Thread 0x0000025045e92170 DEOPT UNPACKING pc=0x000002506de94242 sp=0x000000c2aa8fde80 mode 0
Event: 2300.096 Thread 0x0000025045e94f60 DEOPT PACKING pc=0x00000250672e3b85 sp=0x000000c2a6cfece0
Event: 2300.096 Thread 0x0000025045e94f60 DEOPT UNPACKING pc=0x000002506de94242 sp=0x000000c2a6cfe260 mode 0
Event: 2300.099 Thread 0x0000025045e8f380 DEOPT PACKING pc=0x00000250672e3b85 sp=0x000000c2aa7fe9d0
Event: 2300.100 Thread 0x0000025045e8f380 DEOPT UNPACKING pc=0x000002506de94242 sp=0x000000c2aa7fdf28 mode 0
Event: 2300.105 Thread 0x000002507dccfbc0 DEOPT PACKING pc=0x00000250672e3b85 sp=0x000000c2aa9fec90
Event: 2300.108 Thread 0x000002507dccfbc0 DEOPT UNPACKING pc=0x000002506de94242 sp=0x000000c2aa9fe1e8 mode 0
Event: 2300.118 Thread 0x0000025045e92170 DEOPT PACKING pc=0x00000250672e3b85 sp=0x000000c2aa8fe930
Event: 2300.120 Thread 0x0000025045e92170 DEOPT UNPACKING pc=0x000002506de94242 sp=0x000000c2aa8fde88 mode 0
Event: 2300.129 Thread 0x0000025045e900a0 DEOPT PACKING pc=0x00000250672e3b85 sp=0x000000c2a8dfeb90
Event: 2300.130 Thread 0x0000025045e900a0 DEOPT UNPACKING pc=0x000002506de94242 sp=0x000000c2a8dfe110 mode 0
Event: 2300.675 Thread 0x000002507dcce810 DEOPT PACKING pc=0x0000025067eea868 sp=0x000000c2a92fe0a0
Event: 2300.676 Thread 0x000002507dcce810 DEOPT UNPACKING pc=0x000002506de94242 sp=0x000000c2a92fd528 mode 0

Classes loaded (20 events):
Event: 630.304 Loading class java/util/ImmutableCollections$SubList
Event: 630.305 Loading class java/util/ImmutableCollections$SubList done
Event: 631.198 Loading class java/nio/BufferMismatch
Event: 631.199 Loading class java/nio/BufferMismatch done
Event: 930.245 Loading class java/util/stream/Nodes$CollectorTask$OfRef
Event: 930.246 Loading class java/util/stream/Nodes$CollectorTask
Event: 930.246 Loading class java/util/stream/Nodes$CollectorTask done
Event: 930.246 Loading class java/util/stream/Nodes$CollectorTask$OfRef done
Event: 930.249 Loading class java/util/function/LongFunction
Event: 930.249 Loading class java/util/function/LongFunction done
Event: 930.249 Loading class java/util/stream/Nodes$ConcNode
Event: 930.249 Loading class java/util/stream/Nodes$AbstractConcNode
Event: 930.249 Loading class java/util/stream/Nodes$AbstractConcNode done
Event: 930.249 Loading class java/util/stream/Nodes$ConcNode done
Event: 930.284 Loading class java/io/ObjectOutputStream$BlockDataOutputStream
Event: 930.284 Loading class java/io/ObjectOutputStream$BlockDataOutputStream done
Event: 930.284 Loading class java/io/ObjectOutputStream$HandleTable
Event: 930.285 Loading class java/io/ObjectOutputStream$HandleTable done
Event: 930.285 Loading class java/io/ObjectOutputStream$ReplaceTable
Event: 930.285 Loading class java/io/ObjectOutputStream$ReplaceTable done

Classes unloaded (7 events):
Event: 5.000 Thread 0x000002507a1a6970 Unloading class 0x00000250011ac800 'java/lang/invoke/LambdaForm$MH+0x00000250011ac800'
Event: 5.000 Thread 0x000002507a1a6970 Unloading class 0x00000250011ac400 'java/lang/invoke/LambdaForm$MH+0x00000250011ac400'
Event: 5.000 Thread 0x000002507a1a6970 Unloading class 0x00000250011ac000 'java/lang/invoke/LambdaForm$MH+0x00000250011ac000'
Event: 5.000 Thread 0x000002507a1a6970 Unloading class 0x00000250011abc00 'java/lang/invoke/LambdaForm$MH+0x00000250011abc00'
Event: 5.000 Thread 0x000002507a1a6970 Unloading class 0x00000250011ab800 'java/lang/invoke/LambdaForm$BMH+0x00000250011ab800'
Event: 5.000 Thread 0x000002507a1a6970 Unloading class 0x00000250011ab400 'java/lang/invoke/LambdaForm$DMH+0x00000250011ab400'
Event: 5.000 Thread 0x000002507a1a6970 Unloading class 0x00000250011aa000 'java/lang/invoke/LambdaForm$DMH+0x00000250011aa000'

Classes redefined (0 events):
No events

Internal exceptions (20 events):
Event: 630.544 Thread 0x000002507dcce810 Exception <a 'java/lang/NoSuchMethodError'{0x00000000d56f4a28}: 'java.lang.Object java.lang.invoke.Invokers$Holder.linkToTargetMethod(java.lang.Object, int, java.lang.Object, java.lang.Object, java.lang.Object)'> (0x00000000d56f4a28) 
thrown [s\src\hotspot\share\interpreter\linkResolver.cpp, line 773]
Event: 630.554 Thread 0x000002507dcce810 Exception <a 'java/lang/NoSuchMethodError'{0x00000000d570aaa8}: 'java.lang.Object java.lang.invoke.DirectMethodHandle$Holder.invokeSpecial(java.lang.Object, java.lang.Object, java.lang.Object, int, java.lang.Object, java.lang.Object, java.lang.Object)'> (0x00000000d570aaa8) 
thrown [s\src\hotspot\share\interpreter\linkResolver.cpp, line 773]
Event: 630.556 Thread 0x000002507dcce810 Exception <a 'java/lang/NoSuchMethodError'{0x00000000d5712e38}: 'java.lang.Object java.lang.invoke.DirectMethodHandle$Holder.invokeStatic(java.lang.Object, java.lang.Object, int, java.lang.Object, java.lang.Object)'> (0x00000000d5712e38) 
thrown [s\src\hotspot\share\interpreter\linkResolver.cpp, line 773]
Event: 630.585 Thread 0x000002507dcce810 Implicit null exception at 0x000002506e8bbb33 to 0x000002506e8bc6b8
Event: 630.607 Thread 0x000002507dcce810 Exception <a 'java/lang/NoSuchMethodError'{0x00000000d5595788}: 'void java.lang.invoke.DirectMethodHandle$Holder.invokeStatic(java.lang.Object, int)'> (0x00000000d5595788) 
thrown [s\src\hotspot\share\interpreter\linkResolver.cpp, line 773]
Event: 630.750 Thread 0x000002507dcce810 Exception <a 'java/io/FileNotFoundException'{0x00000000d56964e8}> (0x00000000d56964e8) 
thrown [s\src\hotspot\share\prims\jni.cpp, line 520]
Event: 630.751 Thread 0x000002507dcce810 Exception <a 'java/io/FileNotFoundException'{0x00000000d56979e8}> (0x00000000d56979e8) 
thrown [s\src\hotspot\share\prims\jni.cpp, line 520]
Event: 630.752 Thread 0x000002507dcce810 Exception <a 'java/io/FileNotFoundException'{0x00000000d56989e0}> (0x00000000d56989e0) 
thrown [s\src\hotspot\share\prims\jni.cpp, line 520]
Event: 630.809 Thread 0x000002507dcce810 Implicit null exception at 0x000002506e91d415 to 0x000002506e91d9f4
Event: 930.272 Thread 0x000002507dcce810 Exception <a 'sun/nio/fs/WindowsException'{0x00000000d562b6e8}> (0x00000000d562b6e8) 
thrown [s\src\hotspot\share\prims\jni.cpp, line 520]
Event: 930.272 Thread 0x000002507dcce810 Exception <a 'sun/nio/fs/WindowsException'{0x00000000d562bfc8}> (0x00000000d562bfc8) 
thrown [s\src\hotspot\share\prims\jni.cpp, line 520]
Event: 930.273 Thread 0x000002507dcce810 Implicit null exception at 0x000002506e9b8a06 to 0x000002506e9b8d7c
Event: 930.347 Thread 0x000002507dcce810 Implicit null exception at 0x000002506eadc710 to 0x000002506eadcae8
Event: 930.349 Thread 0x000002507dcce810 Implicit null exception at 0x000002506e9381ba to 0x000002506e9381f4
Event: 930.355 Thread 0x000002507dcce810 Exception <a 'java/lang/NoSuchMethodError'{0x00000000d56c9628}: static [J.<clinit>()V> (0x00000000d56c9628) 
thrown [s\src\hotspot\share\prims\jni.cpp, line 1111]
Event: 930.405 Thread 0x000002507dcce810 Exception <a 'java/lang/NoSuchMethodError'{0x00000000d56f5bd8}: 'java.lang.Object java.lang.invoke.DirectMethodHandle$Holder.newInvokeSpecial(java.lang.Object, java.lang.Object, java.lang.Object, java.lang.Object, java.lang.Object, java.lang.Object, java.lang.Object, java.lang.Object)'> (0x00000000d56f5bd8) 
thrown [s\src\hotspot\share\interpreter\linkResolver.cpp, line 773]
Event: 930.540 Thread 0x000002507dccd460 Implicit null exception at 0x000002506ec67efe to 0x000002506ec6820c
Event: 2298.707 Thread 0x0000025045e92800 Exception <a 'java/lang/ArrayIndexOutOfBoundsException'{0x00000000d56d81e8}> (0x00000000d56d81e8) 
thrown [s\src\hotspot\share\runtime\sharedRuntime.cpp, line 625]
Event: 2299.720 Thread 0x0000025045e92e90 Exception <a 'java/lang/NoSuchMethodError'{0x00000000d55ab8a8}: 'void java.lang.invoke.DirectMethodHandle$Holder.invokeSpecial(java.lang.Object, java.lang.Object, int)'> (0x00000000d55ab8a8) 
thrown [s\src\hotspot\share\interpreter\linkResolver.cpp, line 773]
Event: 2300.003 Thread 0x0000025045e92e90 Exception <a 'java/lang/NoSuchMethodError'{0x00000000d55817d8}: 'int java.lang.invoke.DirectMethodHandle$Holder.invokeVirtual(java.lang.Object, java.lang.Object, java.lang.Object, int)'> (0x00000000d55817d8) 
thrown [s\src\hotspot\share\interpreter\linkResolver.cpp, line 773]

ZGC Phase Switch (0 events):
No events

VM Operations (20 events):
Event: 4256.722 Executing VM operation: HandshakeAllThreads (HandshakeForDeflation)
Event: 4256.722 Executing VM operation: HandshakeAllThreads (HandshakeForDeflation) done
Event: 4256.722 Executing VM operation: RendezvousGCThreads
Event: 4256.722 Executing VM operation: RendezvousGCThreads done
Event: 4316.940 Executing VM operation: HandshakeAllThreads (HandshakeForDeflation)
Event: 4316.940 Executing VM operation: HandshakeAllThreads (HandshakeForDeflation) done
Event: 4316.940 Executing VM operation: RendezvousGCThreads
Event: 4316.940 Executing VM operation: RendezvousGCThreads done
Event: 4377.131 Executing VM operation: HandshakeAllThreads (HandshakeForDeflation)
Event: 4377.131 Executing VM operation: HandshakeAllThreads (HandshakeForDeflation) done
Event: 4377.131 Executing VM operation: RendezvousGCThreads
Event: 4377.131 Executing VM operation: RendezvousGCThreads done
Event: 4557.655 Executing VM operation: HandshakeAllThreads (HandshakeForDeflation)
Event: 4557.655 Executing VM operation: HandshakeAllThreads (HandshakeForDeflation) done
Event: 4557.655 Executing VM operation: RendezvousGCThreads
Event: 4557.655 Executing VM operation: RendezvousGCThreads done
Event: 4738.106 Executing VM operation: HandshakeAllThreads (HandshakeForDeflation)
Event: 4738.106 Executing VM operation: HandshakeAllThreads (HandshakeForDeflation) done
Event: 4738.106 Executing VM operation: RendezvousGCThreads
Event: 4738.106 Executing VM operation: RendezvousGCThreads done

Memory protections (0 events):
No events

Nmethod flushes (20 events):
Event: 13.414 Thread 0x000002507a1a6970 flushing  nmethod 0x00000250670da190
Event: 13.414 Thread 0x000002507a1a6970 flushing  nmethod 0x0000025067102590
Event: 13.414 Thread 0x000002507a1a6970 flushing osr nmethod 0x000002506710ab90
Event: 13.414 Thread 0x000002507a1a6970 flushing osr nmethod 0x000002506710c890
Event: 13.414 Thread 0x000002507a1a6970 flushing  nmethod 0x0000025067154c90
Event: 13.414 Thread 0x000002507a1a6970 flushing  nmethod 0x0000025067166110
Event: 13.414 Thread 0x000002507a1a6970 flushing  nmethod 0x0000025067175d10
Event: 13.414 Thread 0x000002507a1a6970 flushing  nmethod 0x000002506717e390
Event: 13.414 Thread 0x000002507a1a6970 flushing  nmethod 0x000002506717ed10
Event: 13.414 Thread 0x000002507a1a6970 flushing  nmethod 0x00000250671a2790
Event: 13.414 Thread 0x000002507a1a6970 flushing  nmethod 0x00000250671a2d90
Event: 13.414 Thread 0x000002507a1a6970 flushing  nmethod 0x00000250671a6290
Event: 13.414 Thread 0x000002507a1a6970 flushing  nmethod 0x00000250671a6990
Event: 13.414 Thread 0x000002507a1a6970 flushing  nmethod 0x00000250671a9410
Event: 13.414 Thread 0x000002507a1a6970 flushing  nmethod 0x00000250671b4c10
Event: 13.414 Thread 0x000002507a1a6970 flushing  nmethod 0x00000250671d0390
Event: 13.414 Thread 0x000002507a1a6970 flushing  nmethod 0x00000250671f5910
Event: 13.414 Thread 0x000002507a1a6970 flushing  nmethod 0x000002506720fa10
Event: 13.414 Thread 0x000002507a1a6970 flushing  nmethod 0x0000025067226310
Event: 13.414 Thread 0x000002507a1a6970 flushing  nmethod 0x0000025067226c90

Events (20 events):
Event: 2298.693 Thread 0x0000025045e900a0 Thread added: 0x0000025045e92800
Event: 2298.699 Thread 0x0000025045e93520 Thread added: 0x0000025045e8ecf0
Event: 2298.702 Thread 0x000002507ebc14c0 Thread added: 0x0000025045e92e90
Event: 2298.724 Thread 0x000002507ebc14c0 Thread added: 0x0000025045e96310
Event: 2299.005 Thread 0x00000250637ca490 Thread added: 0x000002504725c980
Event: 2300.079 Thread 0x0000025045e96310 Thread added: 0x0000025045e8f380
Event: 2300.080 Thread 0x0000025045e93520 Thread added: 0x0000025045e92170
Event: 2300.080 Thread 0x0000025045e91450 Thread added: 0x000002507dccfbc0
Event: 2301.579 Thread 0x000002504725c980 Thread exited: 0x000002504725c980
Event: 2375.693 Thread 0x0000025045e91450 Thread exited: 0x0000025045e91450
Event: 2435.705 Thread 0x0000025045e900a0 Thread exited: 0x0000025045e900a0
Event: 2495.720 Thread 0x0000025045e8f380 Thread exited: 0x0000025045e8f380
Event: 2555.739 Thread 0x0000025045e92170 Thread exited: 0x0000025045e92170
Event: 2615.758 Thread 0x000002507dccfbc0 Thread exited: 0x000002507dccfbc0
Event: 2675.769 Thread 0x0000025045e92800 Thread exited: 0x0000025045e92800
Event: 2735.768 Thread 0x0000025045e96310 Thread exited: 0x0000025045e96310
Event: 2795.783 Thread 0x0000025045e93520 Thread exited: 0x0000025045e93520
Event: 2855.802 Thread 0x0000025045e92e90 Thread exited: 0x0000025045e92e90
Event: 2915.813 Thread 0x0000025045e94f60 Thread exited: 0x0000025045e94f60
Event: 2975.818 Thread 0x0000025045e8ecf0 Thread exited: 0x0000025045e8ecf0


Dynamic libraries:
0x00007ff73e3c0000 - 0x00007ff73e3ce000 	c:\Users\Lenovo\.vscode\extensions\redhat.java-1.45.0-win32-x64\jre\21.0.8-win32-x86_64\bin\java.exe
0x00007ffb7eff0000 - 0x00007ffb7f207000 	C:\Windows\SYSTEM32\ntdll.dll
0x00007ffb7db80000 - 0x00007ffb7dc44000 	C:\Windows\System32\KERNEL32.DLL
0x00007ffb7c680000 - 0x00007ffb7ca50000 	C:\Windows\System32\KERNELBASE.dll
0x00007ffb7c0f0000 - 0x00007ffb7c201000 	C:\Windows\System32\ucrtbase.dll
0x00007ffb23610000 - 0x00007ffb2362e000 	c:\Users\Lenovo\.vscode\extensions\redhat.java-1.45.0-win32-x64\jre\21.0.8-win32-x86_64\bin\VCRUNTIME140.dll
0x00007ffb219c0000 - 0x00007ffb219d8000 	c:\Users\Lenovo\.vscode\extensions\redhat.java-1.45.0-win32-x64\jre\21.0.8-win32-x86_64\bin\jli.dll
0x00007ffb7d720000 - 0x00007ffb7d8d1000 	C:\Windows\System32\USER32.dll
0x00007ffb7c210000 - 0x00007ffb7c236000 	C:\Windows\System32\win32u.dll
0x00007ffb68da0000 - 0x00007ffb6903c000 	C:\Windows\WinSxS\amd64_microsoft.windows.common-controls_6595b64144ccf1df_6.0.22621.5840_none_2710ea077384a4fe\COMCTL32.dll
0x00007ffb7ce40000 - 0x00007ffb7ce69000 	C:\Windows\System32\GDI32.dll
0x00007ffb7e180000 - 0x00007ffb7e227000 	C:\Windows\System32\msvcrt.dll
0x00007ffb7c550000 - 0x00007ffb7c673000 	C:\Windows\System32\gdi32full.dll
0x00007ffb7c240000 - 0x00007ffb7c2da000 	C:\Windows\System32\msvcp_win.dll
0x00007ffb7d8e0000 - 0x00007ffb7d911000 	C:\Windows\System32\IMM32.DLL
0x00007ffb78c20000 - 0x00007ffb78c2c000 	c:\Users\Lenovo\.vscode\extensions\redhat.java-1.45.0-win32-x64\jre\21.0.8-win32-x86_64\bin\vcruntime140_1.dll
0x00007ffb17820000 - 0x00007ffb178ad000 	c:\Users\Lenovo\.vscode\extensions\redhat.java-1.45.0-win32-x64\jre\21.0.8-win32-x86_64\bin\msvcp140.dll
0x00007ffaffe90000 - 0x00007ffb00c27000 	c:\Users\Lenovo\.vscode\extensions\redhat.java-1.45.0-win32-x64\jre\21.0.8-win32-x86_64\bin\server\jvm.dll
0x00007ffb7dac0000 - 0x00007ffb7db71000 	C:\Windows\System32\ADVAPI32.dll
0x00007ffb7e230000 - 0x00007ffb7e2d8000 	C:\Windows\System32\sechost.dll
0x00007ffb7c2e0000 - 0x00007ffb7c308000 	C:\Windows\System32\bcrypt.dll
0x00007ffb7de20000 - 0x00007ffb7df38000 	C:\Windows\System32\RPCRT4.dll
0x00007ffb7eca0000 - 0x00007ffb7ed11000 	C:\Windows\System32\WS2_32.dll
0x00007ffb7aed0000 - 0x00007ffb7af1d000 	C:\Windows\SYSTEM32\POWRPROF.dll
0x00007ffb78380000 - 0x00007ffb783b4000 	C:\Windows\SYSTEM32\WINMM.dll
0x00007ffb77f30000 - 0x00007ffb77f3a000 	C:\Windows\SYSTEM32\VERSION.dll
0x00007ffb7aeb0000 - 0x00007ffb7aec3000 	C:\Windows\SYSTEM32\UMPDC.dll
0x00007ffb7b110000 - 0x00007ffb7b128000 	C:\Windows\SYSTEM32\kernel.appcore.dll
0x00007ffb5ee00000 - 0x00007ffb5ee0a000 	c:\Users\Lenovo\.vscode\extensions\redhat.java-1.45.0-win32-x64\jre\21.0.8-win32-x86_64\bin\jimage.dll
0x00007ffb75230000 - 0x00007ffb75463000 	C:\Windows\SYSTEM32\DBGHELP.DLL
0x00007ffb7e2e0000 - 0x00007ffb7e671000 	C:\Windows\System32\combase.dll
0x00007ffb7eb50000 - 0x00007ffb7ec28000 	C:\Windows\System32\OLEAUT32.dll
0x00007ffb6f5f0000 - 0x00007ffb6f622000 	C:\Windows\SYSTEM32\dbgcore.DLL
0x00007ffb7c450000 - 0x00007ffb7c4cb000 	C:\Windows\System32\bcryptPrimitives.dll
0x00007ffb57750000 - 0x00007ffb5775f000 	c:\Users\Lenovo\.vscode\extensions\redhat.java-1.45.0-win32-x64\jre\21.0.8-win32-x86_64\bin\instrument.dll
0x00007ffb20e30000 - 0x00007ffb20e4f000 	c:\Users\Lenovo\.vscode\extensions\redhat.java-1.45.0-win32-x64\jre\21.0.8-win32-x86_64\bin\java.dll
0x00007ffb7ce70000 - 0x00007ffb7d711000 	C:\Windows\System32\SHELL32.dll
0x00007ffb7c310000 - 0x00007ffb7c44f000 	C:\Windows\System32\wintypes.dll
0x00007ffb79f80000 - 0x00007ffb7a89a000 	C:\Windows\SYSTEM32\windows.storage.dll
0x00007ffb7eea0000 - 0x00007ffb7efaa000 	C:\Windows\System32\SHCORE.dll
0x00007ffb7ee30000 - 0x00007ffb7ee99000 	C:\Windows\System32\shlwapi.dll
0x00007ffb7c020000 - 0x00007ffb7c045000 	C:\Windows\SYSTEM32\profapi.dll
0x00007ffb20070000 - 0x00007ffb20088000 	c:\Users\Lenovo\.vscode\extensions\redhat.java-1.45.0-win32-x64\jre\21.0.8-win32-x86_64\bin\zip.dll
0x00007ffb51900000 - 0x00007ffb51910000 	C:\Users\Lenovo\.vscode\extensions\redhat.java-1.45.0-win32-x64\jre\21.0.8-win32-x86_64\bin\net.dll
0x00007ffb77db0000 - 0x00007ffb77edc000 	C:\Windows\SYSTEM32\WINHTTP.dll
0x00007ffb7b640000 - 0x00007ffb7b6a9000 	C:\Windows\system32\mswsock.dll
0x00007ffb1f7a0000 - 0x00007ffb1f7b6000 	C:\Users\Lenovo\.vscode\extensions\redhat.java-1.45.0-win32-x64\jre\21.0.8-win32-x86_64\bin\nio.dll
0x00007ffb33660000 - 0x00007ffb33670000 	c:\Users\Lenovo\.vscode\extensions\redhat.java-1.45.0-win32-x64\jre\21.0.8-win32-x86_64\bin\verify.dll
0x00007ffb174e0000 - 0x00007ffb17524000 	C:\Users\Lenovo\AppData\Roaming\Code\User\globalStorage\redhat.java\1.45.0\config_win\org.eclipse.equinox.launcher\org.eclipse.equinox.launcher.win32.win32.x86_64_1.2.1400.v20250801-0854\eclipse_11916.dll
0x00007ffb7d920000 - 0x00007ffb7dac0000 	C:\Windows\System32\ole32.dll
0x00007ffb7b8c0000 - 0x00007ffb7b8db000 	C:\Windows\SYSTEM32\CRYPTSP.dll
0x00007ffb7b0d0000 - 0x00007ffb7b107000 	C:\Windows\system32\rsaenh.dll
0x00007ffb7b760000 - 0x00007ffb7b788000 	C:\Windows\SYSTEM32\USERENV.dll
0x00007ffb7b8e0000 - 0x00007ffb7b8ec000 	C:\Windows\SYSTEM32\CRYPTBASE.dll
0x00007ffb7abb0000 - 0x00007ffb7abdd000 	C:\Windows\SYSTEM32\IPHLPAPI.DLL
0x00007ffb7e690000 - 0x00007ffb7e699000 	C:\Windows\System32\NSI.dll
0x00007ffb19890000 - 0x00007ffb198d9000 	C:\Users\Lenovo\AppData\Local\Temp\jna--2022488749\jna1991947629122053358.dll
0x00007ffb7df90000 - 0x00007ffb7df98000 	C:\Windows\System32\PSAPI.DLL
0x00007ffb77c90000 - 0x00007ffb77ca9000 	C:\Windows\SYSTEM32\dhcpcsvc6.DLL
0x00007ffb77c40000 - 0x00007ffb77c5f000 	C:\Windows\SYSTEM32\dhcpcsvc.DLL
0x00007ffb2a850000 - 0x00007ffb2a85e000 	C:\Users\Lenovo\.vscode\extensions\redhat.java-1.45.0-win32-x64\jre\21.0.8-win32-x86_64\bin\sunmscapi.dll
0x00007ffb7ca50000 - 0x00007ffb7cbb8000 	C:\Windows\System32\CRYPT32.dll
0x00007ffb7baa0000 - 0x00007ffb7bacd000 	C:\Windows\SYSTEM32\ncrypt.dll
0x00007ffb7ba60000 - 0x00007ffb7ba97000 	C:\Windows\SYSTEM32\NTASN1.dll

JVMTI agents:
c:\Users\Lenovo\.vscode\extensions\redhat.java-1.45.0-win32-x64\lombok\lombok-1.18.39-4050.jar path:c:\Users\Lenovo\.vscode\extensions\redhat.java-1.45.0-win32-x64\jre\21.0.8-win32-x86_64\bin\instrument.dll, loaded, initialized, instrumentlib options:none

dbghelp: loaded successfully - version: 4.0.5 - missing functions: none
symbol engine: initialized successfully - sym options: 0x614 - pdb path: .;c:\Users\Lenovo\.vscode\extensions\redhat.java-1.45.0-win32-x64\jre\21.0.8-win32-x86_64\bin;C:\Windows\SYSTEM32;C:\Windows\WinSxS\amd64_microsoft.windows.common-controls_6595b64144ccf1df_6.0.22621.5840_none_2710ea077384a4fe;c:\Users\Lenovo\.vscode\extensions\redhat.java-1.45.0-win32-x64\jre\21.0.8-win32-x86_64\bin\server;C:\Users\Lenovo\AppData\Roaming\Code\User\globalStorage\redhat.java\1.45.0\config_win\org.eclipse.equinox.launcher\org.eclipse.equinox.launcher.win32.win32.x86_64_1.2.1400.v20250801-0854;C:\Users\Lenovo\AppData\Local\Temp\jna--2022488749

VM Arguments:
jvm_args: --add-modules=ALL-SYSTEM --add-opens=java.base/java.util=ALL-UNNAMED --add-opens=java.base/java.lang=ALL-UNNAMED --add-opens=java.base/sun.nio.fs=ALL-UNNAMED -Declipse.application=org.eclipse.jdt.ls.core.id1 -Dosgi.bundles.defaultStartLevel=4 -Declipse.product=org.eclipse.jdt.ls.core.product -Djava.import.generatesMetadataFilesAtProjectRoot=false -DDetectVMInstallationsJob.disabled=true -Dfile.encoding=utf8 -XX:+UseParallelGC -XX:GCTimeRatio=4 -XX:AdaptiveSizePolicyWeight=90 -Dsun.zip.disableMemoryMapping=true -Xmx2G -Xms100m -Xlog:disable -javaagent:c:\Users\Lenovo\.vscode\extensions\redhat.java-1.45.0-win32-x64\lombok\lombok-1.18.39-4050.jar -XX:+HeapDumpOnOutOfMemoryError -XX:HeapDumpPath=c:\Users\Lenovo\AppData\Roaming\Code\User\workspaceStorage\28c5987dead86df10a7c254d141be68a\redhat.java -Daether.dependencyCollector.impl=bf -Xmx2G 
java_command: c:\Users\Lenovo\.vscode\extensions\redhat.java-1.45.0-win32-x64\server\plugins\org.eclipse.equinox.launcher_1.7.0.v20250519-0528.jar -configuration c:\Users\Lenovo\AppData\Roaming\Code\User\globalStorage\redhat.java\1.45.0\config_win -data c:\Users\Lenovo\AppData\Roaming\Code\User\workspaceStorage\28c5987dead86df10a7c254d141be68a\redhat.java\jdt_ws --pipe=\\.\pipe\lsp-0b420764edfa4a0b65715103bc1e1e18-sock
java_class_path (initial): c:\Users\Lenovo\.vscode\extensions\redhat.java-1.45.0-win32-x64\server\plugins\org.eclipse.equinox.launcher_1.7.0.v20250519-0528.jar
Launcher Type: SUN_STANDARD

[Global flags]
    uintx AdaptiveSizePolicyWeight                 = 90                                        {product} {command line}
     intx CICompilerCount                          = 4                                         {product} {ergonomic}
    uintx GCTimeRatio                              = 4                                         {product} {command line}
     bool HeapDumpOnOutOfMemoryError               = true                                   {manageable} {command line}
    ccstr HeapDumpPath                             = c:\Users\Lenovo\AppData\Roaming\Code\User\workspaceStorage\28c5987dead86df10a7c254d141be68a\redhat.java         {manageable} {command line}
   size_t InitialHeapSize                          = 104857600                                 {product} {command line}
   size_t MaxHeapSize                              = 2147483648                                {product} {command line}
   size_t MaxNewSize                               = 715653120                                 {product} {ergonomic}
   size_t MinHeapDeltaBytes                        = 524288                                    {product} {ergonomic}
   size_t MinHeapSize                              = 104857600                                 {product} {command line}
   size_t NewSize                                  = 34603008                                  {product} {ergonomic}
    uintx NonNMethodCodeHeapSize                   = 5839372                                {pd product} {ergonomic}
    uintx NonProfiledCodeHeapSize                  = 122909434                              {pd product} {ergonomic}
   size_t OldSize                                  = 70254592                                  {product} {ergonomic}
    uintx ProfiledCodeHeapSize                     = 122909434                              {pd product} {ergonomic}
    uintx ReservedCodeCacheSize                    = 251658240                              {pd product} {ergonomic}
     bool SegmentedCodeCache                       = true                                      {product} {ergonomic}
   size_t SoftMaxHeapSize                          = 2147483648                             {manageable} {ergonomic}
     bool UseCompressedOops                        = true                           {product lp64_product} {ergonomic}
     bool UseLargePagesIndividualAllocation        = false                                  {pd product} {ergonomic}
     bool UseParallelGC                            = true                                      {product} {command line}

Logging:
Log output configuration:
 #0: stdout all=off uptime,level,tags foldmultilines=false
 #1: stderr all=off uptime,level,tags foldmultilines=false

Environment Variables:
JAVA_HOME=C:\Program Files\Java\jdk-21
_JAVA_OPTIONS=-Xmx2G
PATH=C:\Program Files\Common Files\Oracle\Java\javapath;C:\Windows\system32;C:\Windows;C:\Windows\System32\Wbem;C:\Windows\System32\WindowsPowerShell\v1.0\;C:\Windows\System32\OpenSSH\;C:\Program Files (x86)\NVIDIA Corporation\PhysX\Common;C:\Program Files\Java\jdk-21.0.2\bin;C:\Program Files\Java\jdk-21\bin;C:\Users\Lenovo\AppData\Local\Programs\Python\Python312;C:\Program Files\Git\cmd;C:\Program Files\PuTTY\;C:\command;C:\xampp\php;C:\composer;C:\Program Files\NVIDIA Corporation\NVIDIA app\NvDLISR;C:\Program Files\nodejs\;C:\Program Files\Git LFS;C:\ProgramData\chocolatey\bin;C:\Program Files (x86)\WebDriver\geckodriver;;C:\Program Files\Docker\Docker\resources\bin;C:\Program Files\IBM\SPSS\Statistics\25\JRE\bin;C:\Users\Lenovo\AppData\Local\Programs\Python\Launcher\;C:\Users\Lenovo\AppData\Local\Microsoft\WindowsApps;C:\Users\Lenovo\AppData\Local\Programs\Microsoft VS Code\bin;C:\Users\Lenovo\AppData\Roaming\Composer\vendor\bin;C:\Users\Lenovo\AppData\Roaming\npm;C:\apache-maven-3.9.11-bin\apache-maven-3.9.11\bin;C:\Users\Lenovo\AppData\Local\Programs\Python\Python312;C:\Users\Lenovo\AppData\Local\Programs\Python\Python312\Scripts;C:\Program Files\MongoDB\Server\8.0\bin;
USERNAME=Lenovo
OS=Windows_NT
PROCESSOR_IDENTIFIER=AMD64 Family 25 Model 80 Stepping 0, AuthenticAMD
TMP=C:\Users\Lenovo\AppData\Local\Temp
TEMP=C:\Users\Lenovo\AppData\Local\Temp




Periodic native trim disabled

---------------  S Y S T E M  ---------------

OS:
 Windows 11 , 64 bit Build 22621 (10.0.22621.5415)
OS uptime: 4 days 10:07 hours
Hyper-V role detected

CPU: total 12 (initial active 12) (12 cores per cpu, 2 threads per core) family 25 model 80 stepping 0 microcode 0x0, cx8, cmov, fxsr, ht, mmx, 3dnowpref, sse, sse2, sse3, ssse3, sse4a, sse4.1, sse4.2, popcnt, lzcnt, tsc, tscinvbit, avx, avx2, aes, erms, clmul, bmi1, bmi2, adx, sha, fma, vzeroupper, clflush, clflushopt, hv, rdtscp, rdpid, fsrm, f16c, cet_ss
Processor Information for processor 0
  Max Mhz: 3301, Current Mhz: 3301, Mhz Limit: 3301
Processor Information for processor 1
  Max Mhz: 3301, Current Mhz: 3301, Mhz Limit: 3301
Processor Information for processor 2
  Max Mhz: 3301, Current Mhz: 3301, Mhz Limit: 3301
Processor Information for processor 3
  Max Mhz: 3301, Current Mhz: 2011, Mhz Limit: 3301
Processor Information for processor 4
  Max Mhz: 3301, Current Mhz: 3301, Mhz Limit: 3301
Processor Information for processor 5
  Max Mhz: 3301, Current Mhz: 2011, Mhz Limit: 3301
Processor Information for processor 6
  Max Mhz: 3301, Current Mhz: 3301, Mhz Limit: 3301
Processor Information for processor 7
  Max Mhz: 3301, Current Mhz: 3301, Mhz Limit: 3301
Processor Information for processor 8
  Max Mhz: 3301, Current Mhz: 3301, Mhz Limit: 3301
Processor Information for processor 9
  Max Mhz: 3301, Current Mhz: 2011, Mhz Limit: 3301
Processor Information for processor 10
  Max Mhz: 3301, Current Mhz: 3301, Mhz Limit: 3301
Processor Information for processor 11
  Max Mhz: 3301, Current Mhz: 3301, Mhz Limit: 3301

Memory: 4k page, system-wide physical 5996M (55M free)
TotalPageFile size 24428M (AvailPageFile size 117M)
current process WorkingSet (physical memory assigned to process): 10M, peak: 411M
current process commit charge ("private bytes"): 579M, peak: 622M

vm_info: OpenJDK 64-Bit Server VM (21.0.8+9-LTS) for windows-amd64 JRE (21.0.8+9-LTS), built on 2025-07-15T00:00:00Z by "admin" with MS VC++ 17.7 (VS2022)

END.
